<html>
<body>
<pre>
<h1>µVision Build Log</h1>
<h2>Tool Versions:</h2>
IDE-Version: ¶ÃVision V5.20.0.0
Copyright (C) 2016 ARM Ltd and ARM Germany GmbH. All rights reserved.
License Information: aa Microsoft, Microsoft, LIC=HF8TG-VEY4Y-ILZCB-2LC9W-F98MF-79GIE
 
Tool Versions:
Toolchain:       MDK-ARM Professional  Version: 5.20
Toolchain Path:  D:\Keil_v5\ARM\ARMCC\Bin
C Compiler:      Armcc.exe V5.06 update 2 (build 183)
Assembler:       Armasm.exe V5.06 update 2 (build 183)
Linker/Locator:  ArmLink.exe V5.06 update 2 (build 183)
Library Manager: ArmAr.exe V5.06 update 2 (build 183)
Hex Converter:   FromElf.exe V5.06 update 2 (build 183)
CPU DLL:         SARMCM3.DLL V5.20
Dialog DLL:      DCM.DLL V1.13.7.0
Target DLL:      STLink\ST-LINKIII-KEIL_SWO.dll V2.0.18.0
Dialog DLL:      TCM.DLL V1.14.9.0
 
<h2>Project:</h2>
C:\Users\han.zh\Desktop\6 STM32-64C-15R\PC13 led flashing\0 ∫À–ƒ∞ÂLEDµ∆…¡À∏\LEDS.uvprojx
Project File Date:  09/11/2018

<h2>Output:</h2>
*** Using Compiler 'V5.06 update 2 (build 183)', folder: 'D:\Keil_v5\ARM\ARMCC\Bin'
Build target 'Target 1'
compiling STM32F1_UART3_Diver.c...
scr\STM32F1_UART3_Diver.c(82): warning:  #167-D: argument of type "char *" is incompatible with parameter of type "unsigned char *"
  				STM32F1_UART3SendDataS(&ua3data,1);
scr\STM32F1_UART3_Diver.c: 1 warning, 0 errors
linking...
Program Size: Code=4048 RO-data=368 RW-data=24 ZI-data=1632  
".\LEDS.axf" - 0 Error(s), 1 Warning(s).

<h2>Collection of Component include folders:</h2>
  C:\Users\han.zh\Desktop\6 STM32-64C-15R\PC13 led flashing\0 ∫À–ƒ∞ÂLEDµ∆…¡À∏\RTE
  D:\Keil_v5\ARM\PACK\Keil\STM32F1xx_DFP\2.2.0\Device\Include

<h2>Collection of Component Files used:</h2>
Build Time Elapsed:  00:00:01
</pre>
</body>
</html>
