<html>
<body>
<pre>
<h1>礦ision3 Build Log</h1>
<h2>Project:</h2>
D:\STM32 CACHE\光盘整理\新型48脚核心板 PC12闪烁例程\0 核心板LED灯闪烁\LEDS.uv2
Project File Date:  09/08/2010

<h2>Output:</h2>
Build target 'Target 1'
linking...
Program Size: Code=2536 RO-data=368 RW-data=20 ZI-data=1636  
"LEDS.axf" - 0 Error(s), 0 Warning(s).
Load "D:\\STM32 CACHE\\光盘整理\\新型48脚核心板 PC12闪烁例程\\0 核心板LED灯闪烁\\LEDS.AXF" 
Erase Done.
Programming Done.
Verify OK.
Application running ...
Build target 'Target 1'
compiling main.c...
compiling sysinit.c...
linking...
Program Size: Code=2536 RO-data=368 RW-data=20 ZI-data=1636  
"LEDS.axf" - 0 Error(s), 0 Warning(s).
Load "D:\\STM32 CACHE\\光盘整理\\新型48脚核心板 PC12闪烁例程\\0 核心板LED灯闪烁\\LEDS.AXF" 
Erase Done.
Programming Done.
Verify OK.
Application running ...
